This is pdfTeX, Version 3.141592653-2.6-1.40.26 (TeX Live 2024) (preloaded format=pdflatex 2025.1.22)  24 APR 2026 13:49
entering extended mode
 restricted \write18 enabled.
 %&-line parsing enabled.
**./paper.tex
(./paper.tex
LaTeX2e <2023-11-01> patch level 1
L3 programming layer <2024-02-20>
(./IEEEtran.cls
Document Class: IEEEtran 2015/08/26 V1.8b by Michael Shell
-- See the "IEEEtran_HOWTO" manual for usage information.
-- http://www.michaelshell.org/tex/ieeetran/
\@IEEEtrantmpdimenA=\dimen140
\@IEEEtrantmpdimenB=\dimen141
\@IEEEtrantmpdimenC=\dimen142
\@IEEEtrantmpcountA=\count188
\@IEEEtrantmpcountB=\count189
\@IEEEtrantmpcountC=\count190
\@IEEEtrantmptoksA=\toks17
LaTeX Font Info:    Trying to load font information for OT1+ptm on input line 5
03.
(/usr/local/texlive/2024basic/texmf-dist/tex/latex/psnfss/ot1ptm.fd
File: ot1ptm.fd 2001/06/04 font definitions for OT1/ptm.
)
-- Using 8.5in x 11in (letter) paper.
-- Using PDF output.
\@IEEEnormalsizeunitybaselineskip=\dimen143
-- This is a 10 point document.
\CLASSINFOnormalsizebaselineskip=\dimen144
\CLASSINFOnormalsizeunitybaselineskip=\dimen145
\IEEEnormaljot=\dimen146
LaTeX Font Info:    Font shape `OT1/ptm/bx/n' in size <5> not available
(Font)              Font shape `OT1/ptm/b/n' tried instead on input line 1090.
LaTeX Font Info:    Font shape `OT1/ptm/bx/it' in size <5> not available
(Font)              Font shape `OT1/ptm/b/it' tried instead on input line 1090.

LaTeX Font Info:    Font shape `OT1/ptm/bx/n' in size <7> not available
(Font)              Font shape `OT1/ptm/b/n' tried instead on input line 1090.
LaTeX Font Info:    Font shape `OT1/ptm/bx/it' in size <7> not available
(Font)              Font shape `OT1/ptm/b/it' tried instead on input line 1090.

LaTeX Font Info:    Font shape `OT1/ptm/bx/n' in size <8> not available
(Font)              Font shape `OT1/ptm/b/n' tried instead on input line 1090.
LaTeX Font Info:    Font shape `OT1/ptm/bx/it' in size <8> not available
(Font)              Font shape `OT1/ptm/b/it' tried instead on input line 1090.

LaTeX Font Info:    Font shape `OT1/ptm/bx/n' in size <9> not available
(Font)              Font shape `OT1/ptm/b/n' tried instead on input line 1090.
LaTeX Font Info:    Font shape `OT1/ptm/bx/it' in size <9> not available
(Font)              Font shape `OT1/ptm/b/it' tried instead on input line 1090.

LaTeX Font Info:    Font shape `OT1/ptm/bx/n' in size <10> not available
(Font)              Font shape `OT1/ptm/b/n' tried instead on input line 1090.
LaTeX Font Info:    Font shape `OT1/ptm/bx/it' in size <10> not available
(Font)              Font shape `OT1/ptm/b/it' tried instead on input line 1090.

LaTeX Font Info:    Font shape `OT1/ptm/bx/n' in size <11> not available
(Font)              Font shape `OT1/ptm/b/n' tried instead on input line 1090.
LaTeX Font Info:    Font shape `OT1/ptm/bx/it' in size <11> not available
(Font)              Font shape `OT1/ptm/b/it' tried instead on input line 1090.

LaTeX Font Info:    Font shape `OT1/ptm/bx/n' in size <12> not available
(Font)              Font shape `OT1/ptm/b/n' tried instead on input line 1090.
LaTeX Font Info:    Font shape `OT1/ptm/bx/it' in size <12> not available
(Font)              Font shape `OT1/ptm/b/it' tried instead on input line 1090.

LaTeX Font Info:    Font shape `OT1/ptm/bx/n' in size <17> not available
(Font)              Font shape `OT1/ptm/b/n' tried instead on input line 1090.
LaTeX Font Info:    Font shape `OT1/ptm/bx/it' in size <17> not available
(Font)              Font shape `OT1/ptm/b/it' tried instead on input line 1090.

LaTeX Font Info:    Font shape `OT1/ptm/bx/n' in size <20> not available
(Font)              Font shape `OT1/ptm/b/n' tried instead on input line 1090.
LaTeX Font Info:    Font shape `OT1/ptm/bx/it' in size <20> not available
(Font)              Font shape `OT1/ptm/b/it' tried instead on input line 1090.

LaTeX Font Info:    Font shape `OT1/ptm/bx/n' in size <24> not available
(Font)              Font shape `OT1/ptm/b/n' tried instead on input line 1090.
LaTeX Font Info:    Font shape `OT1/ptm/bx/it' in size <24> not available
(Font)              Font shape `OT1/ptm/b/it' tried instead on input line 1090.

\IEEEquantizedlength=\dimen147
\IEEEquantizedlengthdiff=\dimen148
\IEEEquantizedtextheightdiff=\dimen149
\IEEEilabelindentA=\dimen150
\IEEEilabelindentB=\dimen151
\IEEEilabelindent=\dimen152
\IEEEelabelindent=\dimen153
\IEEEdlabelindent=\dimen154
\IEEElabelindent=\dimen155
\IEEEiednormlabelsep=\dimen156
\IEEEiedmathlabelsep=\dimen157
\IEEEiedtopsep=\skip48
\c@section=\count191
\c@subsection=\count192
\c@subsubsection=\count193
\c@paragraph=\count194
\c@IEEEsubequation=\count195
\abovecaptionskip=\skip49
\belowcaptionskip=\skip50
\c@figure=\count196
\c@table=\count197
\@IEEEeqnnumcols=\count198
\@IEEEeqncolcnt=\count199
\@IEEEsubeqnnumrollback=\count266
\@IEEEquantizeheightA=\dimen158
\@IEEEquantizeheightB=\dimen159
\@IEEEquantizeheightC=\dimen160
\@IEEEquantizeprevdepth=\dimen161
\@IEEEquantizemultiple=\count267
\@IEEEquantizeboxA=\box51
\@IEEEtmpitemindent=\dimen162
\IEEEPARstartletwidth=\dimen163
\c@IEEEbiography=\count268
\@IEEEtranrubishbin=\box52
)
** ATTENTION: Overriding command lockouts (line 2).
(/usr/local/texlive/2024basic/texmf-dist/tex/latex/cite/cite.sty
LaTeX Info: Redefining \cite on input line 302.
LaTeX Info: Redefining \nocite on input line 332.
Package: cite 2015/02/27  v 5.5
)
(/usr/local/texlive/2024basic/texmf-dist/tex/latex/amsmath/amsmath.sty
Package: amsmath 2023/05/13 v2.17o AMS math features
\@mathmargin=\skip51

For additional information on amsmath, use the `?' option.
(/usr/local/texlive/2024basic/texmf-dist/tex/latex/amsmath/amstext.sty
Package: amstext 2021/08/26 v2.01 AMS text

(/usr/local/texlive/2024basic/texmf-dist/tex/latex/amsmath/amsgen.sty
File: amsgen.sty 1999/11/30 v2.0 generic functions
\@emptytoks=\toks18
\ex@=\dimen164
))
(/usr/local/texlive/2024basic/texmf-dist/tex/latex/amsmath/amsbsy.sty
Package: amsbsy 1999/11/29 v1.2d Bold Symbols
\pmbraise@=\dimen165
)
(/usr/local/texlive/2024basic/texmf-dist/tex/latex/amsmath/amsopn.sty
Package: amsopn 2022/04/08 v2.04 operator names
)
\inf@bad=\count269
LaTeX Info: Redefining \frac on input line 234.
\uproot@=\count270
\leftroot@=\count271
LaTeX Info: Redefining \overline on input line 399.
LaTeX Info: Redefining \colon on input line 410.
\classnum@=\count272
\DOTSCASE@=\count273
LaTeX Info: Redefining \ldots on input line 496.
LaTeX Info: Redefining \dots on input line 499.
LaTeX Info: Redefining \cdots on input line 620.
\Mathstrutbox@=\box53
\strutbox@=\box54
LaTeX Info: Redefining \big on input line 722.
LaTeX Info: Redefining \Big on input line 723.
LaTeX Info: Redefining \bigg on input line 724.
LaTeX Info: Redefining \Bigg on input line 725.
\big@size=\dimen166
LaTeX Font Info:    Redeclaring font encoding OML on input line 743.
LaTeX Font Info:    Redeclaring font encoding OMS on input line 744.
\macc@depth=\count274
LaTeX Info: Redefining \bmod on input line 905.
LaTeX Info: Redefining \pmod on input line 910.
LaTeX Info: Redefining \smash on input line 940.
LaTeX Info: Redefining \relbar on input line 970.
LaTeX Info: Redefining \Relbar on input line 971.
\c@MaxMatrixCols=\count275
\dotsspace@=\muskip16
\c@parentequation=\count276
\dspbrk@lvl=\count277
\tag@help=\toks19
\row@=\count278
\column@=\count279
\maxfields@=\count280
\andhelp@=\toks20
\eqnshift@=\dimen167
\alignsep@=\dimen168
\tagshift@=\dimen169
\tagwidth@=\dimen170
\totwidth@=\dimen171
\lineht@=\dimen172
\@envbody=\toks21
\multlinegap=\skip52
\multlinetaggap=\skip53
\mathdisplay@stack=\toks22
LaTeX Info: Redefining \[ on input line 2953.
LaTeX Info: Redefining \] on input line 2954.
)
(/usr/local/texlive/2024basic/texmf-dist/tex/latex/amsfonts/amssymb.sty
Package: amssymb 2013/01/14 v3.01 AMS font symbols

(/usr/local/texlive/2024basic/texmf-dist/tex/latex/amsfonts/amsfonts.sty
Package: amsfonts 2013/01/14 v3.01 Basic AMSFonts support
\symAMSa=\mathgroup4
\symAMSb=\mathgroup5
LaTeX Font Info:    Redeclaring math symbol \hbar on input line 98.
LaTeX Font Info:    Overwriting math alphabet `\mathfrak' in version `bold'
(Font)                  U/euf/m/n --> U/euf/b/n on input line 106.
))
(/usr/local/texlive/2024basic/texmf-dist/tex/latex/graphics/graphicx.sty
Package: graphicx 2021/09/16 v1.2d Enhanced LaTeX Graphics (DPC,SPQR)

(/usr/local/texlive/2024basic/texmf-dist/tex/latex/graphics/keyval.sty
Package: keyval 2022/05/29 v1.15 key=value parser (DPC)
\KV@toks@=\toks23
)
(/usr/local/texlive/2024basic/texmf-dist/tex/latex/graphics/graphics.sty
Package: graphics 2022/03/10 v1.4e Standard LaTeX Graphics (DPC,SPQR)

(/usr/local/texlive/2024basic/texmf-dist/tex/latex/graphics/trig.sty
Package: trig 2021/08/11 v1.11 sin cos tan (DPC)
)
(/usr/local/texlive/2024basic/texmf-dist/tex/latex/graphics-cfg/graphics.cfg
File: graphics.cfg 2016/06/04 v1.11 sample graphics configuration
)
Package graphics Info: Driver file: pdftex.def on input line 107.

(/usr/local/texlive/2024basic/texmf-dist/tex/latex/graphics-def/pdftex.def
File: pdftex.def 2022/09/22 v1.2b Graphics/color driver for pdftex
))
\Gin@req@height=\dimen173
\Gin@req@width=\dimen174
)
(/usr/local/texlive/2024basic/texmf-dist/tex/latex/base/textcomp.sty
Package: textcomp 2020/02/02 v2.0n Standard LaTeX package
)
(/usr/local/texlive/2024basic/texmf-dist/tex/latex/xcolor/xcolor.sty
Package: xcolor 2023/11/15 v3.01 LaTeX color extensions (UK)

(/usr/local/texlive/2024basic/texmf-dist/tex/latex/graphics-cfg/color.cfg
File: color.cfg 2016/01/02 v1.6 sample color configuration
)
Package xcolor Info: Driver file: pdftex.def on input line 274.

(/usr/local/texlive/2024basic/texmf-dist/tex/latex/graphics/mathcolor.ltx)
Package xcolor Info: Model `cmy' substituted by `cmy0' on input line 1350.
Package xcolor Info: Model `hsb' substituted by `rgb' on input line 1354.
Package xcolor Info: Model `RGB' extended on input line 1366.
Package xcolor Info: Model `HTML' substituted by `rgb' on input line 1368.
Package xcolor Info: Model `Hsb' substituted by `hsb' on input line 1369.
Package xcolor Info: Model `tHsb' substituted by `hsb' on input line 1370.
Package xcolor Info: Model `HSB' substituted by `hsb' on input line 1371.
Package xcolor Info: Model `Gray' substituted by `gray' on input line 1372.
Package xcolor Info: Model `wave' substituted by `hsb' on input line 1373.
)
(/usr/local/texlive/2024basic/texmf-dist/tex/latex/booktabs/booktabs.sty
Package: booktabs 2020/01/12 v1.61803398 Publication quality tables
\heavyrulewidth=\dimen175
\lightrulewidth=\dimen176
\cmidrulewidth=\dimen177
\belowrulesep=\dimen178
\belowbottomsep=\dimen179
\aboverulesep=\dimen180
\abovetopsep=\dimen181
\cmidrulesep=\dimen182
\cmidrulekern=\dimen183
\defaultaddspace=\dimen184
\@cmidla=\count281
\@cmidlb=\count282
\@aboverulesep=\dimen185
\@belowrulesep=\dimen186
\@thisruleclass=\count283
\@lastruleclass=\count284
\@thisrulewidth=\dimen187
)
(/usr/local/texlive/2024basic/texmf-dist/tex/latex/base/fontenc.sty
Package: fontenc 2021/04/29 v2.0v Standard LaTeX package
LaTeX Font Info:    Trying to load font information for T1+ptm on input line 11
2.

(/usr/local/texlive/2024basic/texmf-dist/tex/latex/psnfss/t1ptm.fd
File: t1ptm.fd 2001/06/04 font definitions for T1/ptm.
))
(/usr/local/texlive/2024basic/texmf-dist/tex/latex/lm/lmodern.sty
Package: lmodern 2015/05/01 v1.6.1 Latin Modern Fonts
LaTeX Font Info:    Overwriting symbol font `operators' in version `normal'
(Font)                  OT1/cmr/m/n --> OT1/lmr/m/n on input line 22.
LaTeX Font Info:    Overwriting symbol font `letters' in version `normal'
(Font)                  OML/cmm/m/it --> OML/lmm/m/it on input line 23.
LaTeX Font Info:    Overwriting symbol font `symbols' in version `normal'
(Font)                  OMS/cmsy/m/n --> OMS/lmsy/m/n on input line 24.
LaTeX Font Info:    Overwriting symbol font `largesymbols' in version `normal'
(Font)                  OMX/cmex/m/n --> OMX/lmex/m/n on input line 25.
LaTeX Font Info:    Overwriting symbol font `operators' in version `bold'
(Font)                  OT1/cmr/bx/n --> OT1/lmr/bx/n on input line 26.
LaTeX Font Info:    Overwriting symbol font `letters' in version `bold'
(Font)                  OML/cmm/b/it --> OML/lmm/b/it on input line 27.
LaTeX Font Info:    Overwriting symbol font `symbols' in version `bold'
(Font)                  OMS/cmsy/b/n --> OMS/lmsy/b/n on input line 28.
LaTeX Font Info:    Overwriting symbol font `largesymbols' in version `bold'
(Font)                  OMX/cmex/m/n --> OMX/lmex/m/n on input line 29.
LaTeX Font Info:    Overwriting math alphabet `\mathbf' in version `normal'
(Font)                  OT1/cmr/bx/n --> OT1/lmr/bx/n on input line 31.
LaTeX Font Info:    Overwriting math alphabet `\mathsf' in version `normal'
(Font)                  OT1/cmss/m/n --> OT1/lmss/m/n on input line 32.
LaTeX Font Info:    Overwriting math alphabet `\mathit' in version `normal'
(Font)                  OT1/cmr/m/it --> OT1/lmr/m/it on input line 33.
LaTeX Font Info:    Overwriting math alphabet `\mathtt' in version `normal'
(Font)                  OT1/cmtt/m/n --> OT1/lmtt/m/n on input line 34.
LaTeX Font Info:    Overwriting math alphabet `\mathbf' in version `bold'
(Font)                  OT1/cmr/bx/n --> OT1/lmr/bx/n on input line 35.
LaTeX Font Info:    Overwriting math alphabet `\mathsf' in version `bold'
(Font)                  OT1/cmss/bx/n --> OT1/lmss/bx/n on input line 36.
LaTeX Font Info:    Overwriting math alphabet `\mathit' in version `bold'
(Font)                  OT1/cmr/bx/it --> OT1/lmr/bx/it on input line 37.
LaTeX Font Info:    Overwriting math alphabet `\mathtt' in version `bold'
(Font)                  OT1/cmtt/m/n --> OT1/lmtt/m/n on input line 38.
)
LaTeX Font Info:    Trying to load font information for T1+lmr on input line 13
.

(/usr/local/texlive/2024basic/texmf-dist/tex/latex/lm/t1lmr.fd
File: t1lmr.fd 2015/05/01 v1.6.1 Font defs for Latin Modern
)
(/usr/local/texlive/2024basic/texmf-dist/tex/latex/l3backend/l3backend-pdftex.d
ef
File: l3backend-pdftex.def 2024-02-20 L3 backend support: PDF output (pdfTeX)
\l__color_backend_stack_int=\count285
\l__pdf_internal_box=\box55
) (./paper.aux)
\openout1 = `paper.aux'.

LaTeX Font Info:    Checking defaults for OML/cmm/m/it on input line 13.
LaTeX Font Info:    ... okay on input line 13.
LaTeX Font Info:    Checking defaults for OMS/cmsy/m/n on input line 13.
LaTeX Font Info:    ... okay on input line 13.
LaTeX Font Info:    Checking defaults for OT1/cmr/m/n on input line 13.
LaTeX Font Info:    ... okay on input line 13.
LaTeX Font Info:    Checking defaults for T1/cmr/m/n on input line 13.
LaTeX Font Info:    ... okay on input line 13.
LaTeX Font Info:    Checking defaults for TS1/cmr/m/n on input line 13.
LaTeX Font Info:    ... okay on input line 13.
LaTeX Font Info:    Checking defaults for OMX/cmex/m/n on input line 13.
LaTeX Font Info:    ... okay on input line 13.
LaTeX Font Info:    Checking defaults for U/cmr/m/n on input line 13.
LaTeX Font Info:    ... okay on input line 13.

-- Lines per column: 56 (exact).
(/usr/local/texlive/2024basic/texmf-dist/tex/context/base/mkii/supp-pdf.mkii
[Loading MPS to PDF converter (version 2006.09.02).]
\scratchcounter=\count286
\scratchdimen=\dimen188
\scratchbox=\box56
\nofMPsegments=\count287
\nofMParguments=\count288
\everyMPshowfont=\toks24
\MPscratchCnt=\count289
\MPscratchDim=\dimen189
\MPnumerator=\count290
\makeMPintoPDFobject=\count291
\everyMPtoPDFconversion=\toks25
)
(/usr/local/texlive/2024basic/texmf-dist/tex/latex/epstopdf-pkg/epstopdf-base.s
ty
Package: epstopdf-base 2020-01-24 v2.11 Base part for package epstopdf
Package epstopdf-base Info: Redefining graphics rule for `.eps' on input line 4
85.

(/usr/local/texlive/2024basic/texmf-dist/tex/latex/latexconfig/epstopdf-sys.cfg
File: epstopdf-sys.cfg 2010/07/13 v1.3 Configuration of (r)epstopdf for TeX Liv
e
))
LaTeX Font Info:    Trying to load font information for T1+lmtt on input line 4
4.
 (/usr/local/texlive/2024basic/texmf-dist/tex/latex/lm/t1lmtt.fd
File: t1lmtt.fd 2015/05/01 v1.6.1 Font defs for Latin Modern
)
LaTeX Font Info:    Font shape `T1/lmtt/bx/n' in size <9> not available
(Font)              Font shape `T1/lmtt/b/n' tried instead on input line 44.

Underfull \hbox (badness 2600) in paragraph at lines 52--55
[]\T1/lmr/bx/it/9 Index Terms\T1/lmr/bx/n/9 ---energy-efficient com-put-ing, HT
TP
 []

LaTeX Font Info:    Trying to load font information for OT1+lmr on input line 8
1.
(/usr/local/texlive/2024basic/texmf-dist/tex/latex/lm/ot1lmr.fd
File: ot1lmr.fd 2015/05/01 v1.6.1 Font defs for Latin Modern
)
LaTeX Font Info:    Trying to load font information for OML+lmm on input line 8
1.

(/usr/local/texlive/2024basic/texmf-dist/tex/latex/lm/omllmm.fd
File: omllmm.fd 2015/05/01 v1.6.1 Font defs for Latin Modern
)
LaTeX Font Info:    Trying to load font information for OMS+lmsy on input line 
81.

(/usr/local/texlive/2024basic/texmf-dist/tex/latex/lm/omslmsy.fd
File: omslmsy.fd 2015/05/01 v1.6.1 Font defs for Latin Modern
)
LaTeX Font Info:    Trying to load font information for OMX+lmex on input line 
81.

(/usr/local/texlive/2024basic/texmf-dist/tex/latex/lm/omxlmex.fd
File: omxlmex.fd 2015/05/01 v1.6.1 Font defs for Latin Modern
)
LaTeX Font Info:    External font `lmex10' loaded for size
(Font)              <10> on input line 81.
LaTeX Font Info:    External font `lmex10' loaded for size
(Font)              <7> on input line 81.
LaTeX Font Info:    External font `lmex10' loaded for size
(Font)              <5> on input line 81.
LaTeX Font Info:    Trying to load font information for U+msa on input line 81.


(/usr/local/texlive/2024basic/texmf-dist/tex/latex/amsfonts/umsa.fd
File: umsa.fd 2013/01/14 v3.01 AMS symbols A
)
LaTeX Font Info:    Trying to load font information for U+msb on input line 81.


(/usr/local/texlive/2024basic/texmf-dist/tex/latex/amsfonts/umsb.fd
File: umsb.fd 2013/01/14 v3.01 AMS symbols B
) [1{/usr/local/texlive/2024basic/texmf-var/fonts/map/pdftex/updmap/pdftex.map}
{/usr/local/texlive/2024basic/texmf-dist/fonts/enc/dvips/lm/lm-ec.enc}


{/usr/local/texlive/2024basic/texmf-dist/fonts/enc/dvips/lm/lm-mathsy.enc}]
Underfull \hbox (badness 10000) in paragraph at lines 180--182
[]\T1/lmr/m/n/10 Sleeps \T1/lmtt/m/n/10 max(0, segment_duration -
 []


Underfull \hbox (badness 4927) in paragraph at lines 180--182
\T1/lmtt/m/n/10 download_time) \T1/lmr/m/n/10 be-tween seg-ments to em-u-late
 []


Underfull \hbox (badness 1460) in paragraph at lines 194--199
[]\T1/lmr/m/n/10 A back-ground dae-mon (\T1/lmtt/m/n/10 client/power_monitor.py
\T1/lmr/m/n/10 )
 []

[2{/usr/local/texlive/2024basic/texmf-dist/fonts/enc/dvips/lm/lm-mathit.enc}{/u
sr/local/texlive/2024basic/texmf-dist/fonts/enc/dvips/lm/lm-rm.enc}{/usr/local/
texlive/2024basic/texmf-dist/fonts/enc/dvips/lm/lm-mathex.enc}]
LaTeX Font Info:    External font `lmex10' loaded for size
(Font)              <8> on input line 226.
LaTeX Font Info:    External font `lmex10' loaded for size
(Font)              <6> on input line 226.
<01_hls_protocol.png, id=25, 245.718pt x 197.0562pt>
File: 01_hls_protocol.png Graphic file (type png)
<use 01_hls_protocol.png>
Package pdftex.def Info: 01_hls_protocol.png  used on input line 302.
(pdftex.def)             Requested size: 252.0pt x 202.10417pt.
 [3 <./01_hls_protocol.png>]
<02_hls_tls.png, id=32, 245.718pt x 197.0562pt>
File: 02_hls_tls.png Graphic file (type png)
<use 02_hls_tls.png>
Package pdftex.def Info: 02_hls_tls.png  used on input line 324.
(pdftex.def)             Requested size: 252.0pt x 202.10417pt.
<04_drm.png, id=33, 245.718pt x 197.0562pt>
File: 04_drm.png Graphic file (type png)
<use 04_drm.png>
Package pdftex.def Info: 04_drm.png  used on input line 344.
(pdftex.def)             Requested size: 252.0pt x 202.10417pt.

Underfull \hbox (badness 1845) in paragraph at lines 347--347
\T1/lmr/m/n/8 Fig. 3.  AES-128 seg-ment en-cryp-tion im-pact on HLS en-ergy
 []

<03_hls_all_configs.png, id=34, 330.033pt x 220.6644pt>
File: 03_hls_all_configs.png Graphic file (type png)
<use 03_hls_all_configs.png>
Package pdftex.def Info: 03_hls_all_configs.png  used on input line 365.
(pdftex.def)             Requested size: 252.0pt x 168.48782pt.
(../../../analysis/tables/codec_drm_table.tex
Overfull \hbox (107.36427pt too wide) in paragraph at lines 5--22
 [] 
 []

)
<../../../analysis/plots/codec_drm_01_codec_bulk.png, id=35, 505.89pt x 289.08p
t>
File: ../../../analysis/plots/codec_drm_01_codec_bulk.png Graphic file (type pn
g)
<use ../../../analysis/plots/codec_drm_01_codec_bulk.png>
Package pdftex.def Info: ../../../analysis/plots/codec_drm_01_codec_bulk.png  u
sed on input line 385.
(pdftex.def)             Requested size: 252.0pt x 144.0015pt.
 [4 <./02_hls_tls.png> <./04_drm.png> <./03_hls_all_configs.png>]
<../../../analysis/plots/codec_drm_02_codec_hls.png, id=42, 397.485pt x 289.08p
t>
File: ../../../analysis/plots/codec_drm_02_codec_hls.png Graphic file (type png
)
<use ../../../analysis/plots/codec_drm_02_codec_hls.png>
Package pdftex.def Info: ../../../analysis/plots/codec_drm_02_codec_hls.png  us
ed on input line 401.
(pdftex.def)             Requested size: 252.0pt x 183.27704pt.
<../../../analysis/plots/codec_drm_03_drm_overhead.png, id=43, 578.16pt x 289.0
8pt>
File: ../../../analysis/plots/codec_drm_03_drm_overhead.png Graphic file (type 
png)
<use ../../../analysis/plots/codec_drm_03_drm_overhead.png>
Package pdftex.def Info: ../../../analysis/plots/codec_drm_03_drm_overhead.png 
 used on input line 416.
(pdftex.def)             Requested size: 252.0pt x 126.0002pt.
<../../../analysis/plots/codec_drm_04_decrypt_cpu.png, id=44, 397.485pt x 289.0
8pt>
File: ../../../analysis/plots/codec_drm_04_decrypt_cpu.png Graphic file (type p
ng)
<use ../../../analysis/plots/codec_drm_04_decrypt_cpu.png>
Package pdftex.def Info: ../../../analysis/plots/codec_drm_04_decrypt_cpu.png  
used on input line 432.
(pdftex.def)             Requested size: 252.0pt x 183.27704pt.

Underfull \vbox (badness 2698) has occurred while \output is active []

 [5 <../../../analysis/plots/codec_drm_01_codec_bulk.png> <../../../analysis/pl
ots/codec_drm_02_codec_hls.png> <../../../analysis/plots/codec_drm_03_drm_overh
ead.png>]
Underfull \hbox (badness 1490) in paragraph at lines 479--480
[]\T1/lmr/m/n/10 Several lim-i-ta-tions con-strain the gen-er-al-iz-abil-ity of

 []


Underfull \hbox (badness 4441) in paragraph at lines 481--485
[]\T1/lmr/bx/n/10 Loopback-only testbed. \T1/lmr/m/n/10 All trans-fers ran over

 []


Underfull \hbox (badness 2181) in paragraph at lines 493--497
\T1/lmr/m/n/10 ergy at-tri-bu-tion not avail-able through pow-er-met-rics.
 []

[6 <../../../analysis/plots/codec_drm_04_decrypt_cpu.png>]
Underfull \hbox (badness 1571) in paragraph at lines 544--546
\T1/lmr/m/n/10 high piracy risk fa-vor full DRM (for ex-am-ple,
 []


Underfull \hbox (badness 2495) in paragraph at lines 548--550
[]\T1/lmr/m/it/10 Network re-al-ity\T1/lmr/m/n/10 : if real WAN la-tency is hig
h,
 []


Underfull \hbox (badness 10000) in paragraph at lines 584--586
[]\T1/lmr/m/n/8 Sandvine, ``The Global In-ter-net Phe-nom-ena Re-port,''
 []


Underfull \hbox (badness 10000) in paragraph at lines 588--591
[]\T1/lmr/m/n/8 Cisco Sys-tems, ``Cisco An-nual In-ter-net Re-
 []


Underfull \hbox (badness 10000) in paragraph at lines 588--591
\T1/lmr/m/n/8 port (2018--2023) White Pa-per,'' Cisco Sys-tems
 []


Underfull \hbox (badness 10000) in paragraph at lines 588--591
\T1/lmr/m/n/8 Inc., San Jose, CA, 2020. [On-line]. Avail-able:
 []


Overfull \hbox (1.63768pt too wide) in paragraph at lines 588--591
\T1/lmr/m/n/8 https://www.cisco.com/c/en/us/solutions/collateral/executive-
 []


Underfull \hbox (badness 10000) in paragraph at lines 588--591
\T1/lmr/m/n/8 perspectives/annual-internet-report/white-paper-c11-
 []


Underfull \hbox (badness 10000) in paragraph at lines 607--610
\T1/lmr/m/n/8 Ver-sion 1.3,'' RFC 8446, In-ter-net En-gi-neer-ing Task
 []


Underfull \hbox (badness 10000) in paragraph at lines 607--610
\T1/lmr/m/n/8 Force, Aug. 2018. [On-line]. Avail-able: https://www.rfc-
 []


Underfull \hbox (badness 10000) in paragraph at lines 612--615
[]\T1/lmr/m/n/8 S. Gueron, ``In-tel Ad-vanced En-cryp-tion Stan-dard
 []


Underfull \hbox (badness 10000) in paragraph at lines 612--615
\T1/lmr/m/n/8 (AES) New In-struc-tions Set,'' In-tel Cor-po-ra-
 []


Underfull \hbox (badness 10000) in paragraph at lines 612--615
\T1/lmr/m/n/8 tion, Rev. 3.01, Sep. 2012. [On-line]. Avail-able:
 []


Underfull \hbox (badness 10000) in paragraph at lines 612--615
\T1/lmr/m/n/8 https://www.intel.com/content/dam/doc/white-
 []


Underfull \hbox (badness 10000) in paragraph at lines 612--615
\T1/lmr/m/n/8 paper/advanced-encryption-standard-new-instructions-set-
 []


Underfull \hbox (badness 10000) in paragraph at lines 622--624
[]\T1/lmr/m/n/8 Apple Inc., ``pow-er-met-rics(1) Man-ual Page,'' Ap-ple
 []


Underfull \hbox (badness 10000) in paragraph at lines 622--624
\T1/lmr/m/n/8 De-vel-oper Doc-u-men-ta-tion, 2023. [On-line]. Avail-able:
 []


** Conference Paper **
Before submitting the final camera ready copy, remember to:

 1. Manually equalize the lengths of two columns on the last page
 of your paper;

 2. Ensure that any PostScript and/or PDF output post-processing
 uses only Type 1 fonts and that every step in the generation
 process uses the appropriate paper size.

[7] (./paper.aux)
 ***********
LaTeX2e <2023-11-01> patch level 1
L3 programming layer <2024-02-20>
 ***********
 ) 
Here is how much of TeX's memory you used:
 4641 strings out of 475567
 74086 string characters out of 5777889
 1945187 words of memory out of 5000000
 26703 multiletter control sequences out of 15000+600000
 752901 words of font info for 148 fonts, out of 8000000 for 9000
 319 hyphenation exceptions out of 8191
 57i,9n,65p,358b,308s stack positions out of 10000i,1000n,20000p,200000b,200000s
</usr/local/texlive/2024basic/texmf-dist/fonts/type1/public/lm/lmbx10.pfb></u
sr/local/texlive/2024basic/texmf-dist/fonts/type1/public/lm/lmbx8.pfb></usr/loc
al/texlive/2024basic/texmf-dist/fonts/type1/public/lm/lmbx9.pfb></usr/local/tex
live/2024basic/texmf-dist/fonts/type1/public/lm/lmbxi10.pfb></usr/local/texlive
/2024basic/texmf-dist/fonts/type1/public/lm/lmcsc10.pfb></usr/local/texlive/202
4basic/texmf-dist/fonts/type1/public/lm/lmex10.pfb></usr/local/texlive/2024basi
c/texmf-dist/fonts/type1/public/lm/lmmi10.pfb></usr/local/texlive/2024basic/tex
mf-dist/fonts/type1/public/lm/lmmi7.pfb></usr/local/texlive/2024basic/texmf-dis
t/fonts/type1/public/lm/lmr10.pfb></usr/local/texlive/2024basic/texmf-dist/font
s/type1/public/lm/lmr12.pfb></usr/local/texlive/2024basic/texmf-dist/fonts/type
1/public/lm/lmr17.pfb></usr/local/texlive/2024basic/texmf-dist/fonts/type1/publ
ic/lm/lmr7.pfb></usr/local/texlive/2024basic/texmf-dist/fonts/type1/public/lm/l
mr8.pfb></usr/local/texlive/2024basic/texmf-dist/fonts/type1/public/lm/lmri10.p
fb></usr/local/texlive/2024basic/texmf-dist/fonts/type1/public/lm/lmri8.pfb></u
sr/local/texlive/2024basic/texmf-dist/fonts/type1/public/lm/lmsy10.pfb></usr/lo
cal/texlive/2024basic/texmf-dist/fonts/type1/public/lm/lmsy7.pfb></usr/local/te
xlive/2024basic/texmf-dist/fonts/type1/public/lm/lmtk10.pfb></usr/local/texlive
/2024basic/texmf-dist/fonts/type1/public/lm/lmtt10.pfb></usr/local/texlive/2024
basic/texmf-dist/fonts/type1/public/lm/lmtt8.pfb>
Output written on paper.pdf (7 pages, 634998 bytes).
PDF statistics:
 153 PDF objects out of 1000 (max. 8388607)
 86 compressed objects within 1 object stream
 0 named destinations out of 1000 (max. 500000)
 41 words of extra memory for PDF output out of 10000 (max. 10000000)

